 gcc -g p2original.c;
 ./a.out;
enter the side of the triangle: 
4
enter the side of the triangle: 
5
enter the side of the triangle: 
7
the triangle with sides 4,5,7 is scalene  
 gdb ./a.out;
GNU gdb (Ubuntu 8.1.1-0ubuntu1) 8.1.1
Copyright (C) 2018 Free Software Foundation, Inc.
License GPLv3+: GNU GPL version 3 or later <http://gnu.org/licenses/gpl.html>
This is free software: you are free to change and redistribute it.
There is NO WARRANTY, to the extent permitted by law.  Type "show copying"
and "show warranty" for details.
This GDB was configured as "x86_64-linux-gnu".
Type "show configuration" for configuration details.
For bug reporting instructions, please see:
<http://www.gnu.org/software/gdb/bugs/>.
Find the GDB manual and other documentation resources online at:
<http://www.gnu.org/software/gdb/documentation/>.
For help, type "help".
Type "apropos word" to search for commands related to "word"...
Reading symbols from ./a.out...done.
(gdb) b main
Breakpoint 1 at 0x850: file p2original.c, line 31.
(gdb) r
Starting program: /home/runner/ppa-IA2-practice2/a.out 
warning: Error disabling address space randomization: Operation not permitted

Breakpoint 1, main () at p2original.c:31
31    a=input_side();
(gdb) n
enter the side of the triangle: 
4
32    b=input_side();
(gdb) s
input_side () at p2original.c:3
3   {
(gdb) n
5     printf("enter the side of the triangle: \n");
(gdb) n
enter the side of the triangle: 
6     scanf("%d",&a);
(gdb) n
5
7     return a;
(gdb) n
8   }
(gdb) n
main () at p2original.c:33
33    c=input_side();
(gdb) s
input_side () at p2original.c:3
3   {
(gdb) n
5     printf("enter the side of the triangle: \n");
(gdb) n
enter the side of the triangle: 
6     scanf("%d",&a);
(gdb) n
7
7     return a;
(gdb) 
8   }
(gdb) n
main () at p2original.c:34
34    d=check_scalene(a,b,c);
(gdb) n
35    output(a,b,c,d);
(gdb) s
output (a=4, b=5, c=7, isscalene=1) at p2original.c:21
21    if (isscalene == 1)
(gdb) n
22    printf("the triangle with sides %d,%d,%d is scalene ",a,b,c);
(gdb) n
27  }
(gdb) n
main () at p2original.c:36
36    return 0;
(gdb) n
37  }(gdb) p a
$1 = 4
(gdb) p b
$2 = 5
(gdb) p c
$3 = 7
(gdb) p d
$4 = 1
(gdb) n
__libc_start_main (main=0x5642b2000848 <main>, argc=1, argv=0x7fff677a1f68, 
    init=<optimized out>, fini=<optimized out>, rtld_fini=<optimized out>, 
    stack_end=0x7fff677a1f58) at ../csu/libc-start.c:344
344 ../csu/libc-start.c: No such file or directory.
(gdb)
