gcc -g p5original.c;
./a.out;
Enter a number:
4
Enter a number:
10
Floating point exception (core dumped)
gcc -g p5original.c;
./a.out;
Enter a number:
4
Enter a number:
10
The gcd of 4 and 10 is 2
gdb ./a.out;
GNU gdb (Ubuntu 8.1.1-0ubuntu1) 8.1.1
Copyright (C) 2018 Free Software Foundation, Inc.
License GPLv3+: GNU GPL version 3 or later <http://gnu.org/licenses/gpl.html>
This is free software: you are free to change and redistribute it.
There is NO WARRANTY, to the extent permitted by law.  Type "show copying"
and "show warranty" for details.
This GDB was configured as "x86_64-linux-gnu".
Type "show configuration" for configuration details.
For bug reporting instructions, please see:
<http://www.gnu.org/software/gdb/bugs/>.
Find the GDB manual and other documentation resources online at:
<http://www.gnu.org/software/gdb/documentation/>.
For help, type "help".
Type "apropos word" to search for commands related to "word"...
Reading symbols from ./a.out...done.
(gdb) b main
Breakpoint 1 at 0x86f: file p5original.c, line 39.
(gdb) r
Starting program: /home/runner/ppa-IA2-practice2/a.out 
warning: Error disabling address space randomization: Operation not permitted

Breakpoint 1, main () at p5original.c:39
39    a = input();
(gdb) s
input () at p5original.c:4
4   {
(gdb) n
6     printf("Enter a number:\n");
(gdb) n
Enter a number:
7     scanf("%d", &n);
(gdb) n
4
8     return n;
(gdb) n
9   }
(gdb) n
main () at p5original.c:40
40    b = input();
(gdb) s
input () at p5original.c:4
4   {
(gdb) n
6     printf("Enter a number:\n");
(gdb) n
Enter a number:
7     scanf("%d", &n);
(gdb) n
10
8     return n;
(gdb) n
9   }
(gdb) n
main () at p5original.c:41
41    c = gcd(a,b);
(gdb) s
gcd (a=4, b=10) at p5original.c:13
13    if ( a > b)
(gdb) s
19    if( b%a==0)
(gdb) n
24    for(i=1;i<=a/2;i++)
(gdb) n
26      if ( a%i == 0 && b%i == 0)
(gdb) s
27        gcd = i;
(gdb) n
24    for(i=1;i<=a/2;i++)
(gdb) s
26      if ( a%i == 0 && b%i == 0)
(gdb) n
27        gcd = i;
(gdb) n
24    for(i=1;i<=a/2;i++)
(gdb) s
29    return gcd;
(gdb) n
31  }
(gdb) n
main () at p5original.c:42
42    output(a, b, c);
(gdb) s
output (a=4, b=10, gcd=2) at p5original.c:34
34    printf("The gcd of %d and %d is %d\n", a, b, gcd);
(gdb) n
The gcd of 4 and 10 is 2
35  }
(gdb) n
main () at p5original.c:43
43    return 0;
(gdb) n
44  }(gdb) p a
$1 = 4
(gdb) p b
$2 = 10
(gdb) p c
$3 = 2
(gdb) n
__libc_start_main (main=0x564fdec00867 <main>, argc=1, 
    argv=0x7ffe47668a18, init=<optimized out>, 
    fini=<optimized out>, rtld_fini=<optimized out>, 
    stack_end=0x7ffe47668a08) at ../csu/libc-start.c:344
344 ../csu/libc-start.c: No such file or directory.
(gdb) n
[Inferior 1 (process 2671) exited normally]
(gdb) 
